// Jest Snapshot v1, https://goo.gl/fbAQLP

exports[`<RecipeForm /> RecipeForm renders correctly 1`] = `
<form
  onSubmit={[Function]}
>
  <div
    className="sc-bxivhb gCIOfD"
  >
    <label
      className="sc-bdVaJa iXjSzF"
      htmlFor="name"
    >
      Recipe Name
    </label>
    <input
      className="sc-htpNat bPsheZ"
      id="name"
      onBlur={[Function]}
      onChange={[Function]}
      placeholder="Recipe Name"
      type="text"
      value=""
    />
  </div>
  <div
    className="sc-EHOje jYocTM"
  >
    <label
      className="sc-bdVaJa iXjSzF"
      htmlFor="description"
    >
      Recipe Description
    </label>
    <textarea
      className="sc-ifAKCX miDGs"
      id="description"
      onBlur={[Function]}
      onChange={[Function]}
      placeholder="Describe the recipe in a few words"
      type="text"
      value={null}
    />
  </div>
  <hr
    className="Hr-sc-1a12p8r-0 jPQocB"
  />
  <div
    className="Row-sc-2hg243-0 gRqPSy row"
  >
    <h2
      className="H2-kplljn-0 bPmkUD"
    >
      Ingredients
    </h2>
  </div>
  <div
    className="sc-bxivhb gCIOfD"
  >
    <label
      className="sc-bdVaJa iXjSzF"
      htmlFor="ingredients[0]"
    >
      Ingredient no. 1
    </label>
    <input
      className="sc-htpNat bPsheZ"
      id="ingredients[0]"
      onBlur={[Function]}
      onChange={[Function]}
      placeholder="Ingredient"
      type="text"
      value=""
    />
  </div>
  <div
    className="sc-bxivhb gCIOfD"
  >
    <label
      className="sc-bdVaJa iXjSzF"
      htmlFor="ingredients[1]"
    >
      Ingredient no. 2
    </label>
    <input
      className="sc-htpNat bPsheZ"
      id="ingredients[1]"
      onBlur={[Function]}
      onChange={[Function]}
      placeholder="Ingredient"
      type="text"
      value=""
    />
  </div>
  <div
    className="sc-bxivhb gCIOfD"
  >
    <label
      className="sc-bdVaJa iXjSzF"
      htmlFor="ingredients[2]"
    >
      Ingredient no. 3
    </label>
    <input
      className="sc-htpNat bPsheZ"
      id="ingredients[2]"
      onBlur={[Function]}
      onChange={[Function]}
      placeholder="Ingredient"
      type="text"
      value=""
    />
  </div>
  <div
    className="sc-bxivhb gCIOfD"
  >
    <label
      className="sc-bdVaJa iXjSzF"
      htmlFor="ingredients[3]"
    >
      Ingredient no. 4
    </label>
    <input
      className="sc-htpNat bPsheZ"
      id="ingredients[3]"
      onBlur={[Function]}
      onChange={[Function]}
      placeholder="Ingredient"
      type="text"
      value=""
    />
  </div>
  <div
    className="sc-bxivhb gCIOfD"
  >
    <label
      className="sc-bdVaJa iXjSzF"
      htmlFor="ingredients[4]"
    >
      Ingredient no. 5
    </label>
    <input
      className="sc-htpNat bPsheZ"
      id="ingredients[4]"
      onBlur={[Function]}
      onChange={[Function]}
      placeholder="Ingredient"
      type="text"
      value=""
    />
  </div>
  <div
    className="sc-bxivhb gCIOfD"
  >
    <label
      className="sc-bdVaJa iXjSzF"
      htmlFor="ingredients[5]"
    >
      Ingredient no. 6
    </label>
    <input
      className="sc-htpNat bPsheZ"
      id="ingredients[5]"
      onBlur={[Function]}
      onChange={[Function]}
      placeholder="Ingredient"
      type="text"
      value=""
    />
  </div>
  <div
    className="sc-bxivhb gCIOfD"
  >
    <label
      className="sc-bdVaJa iXjSzF"
      htmlFor="ingredients[6]"
    >
      Ingredient no. 7
    </label>
    <input
      className="sc-htpNat bPsheZ"
      id="ingredients[6]"
      onBlur={[Function]}
      onChange={[Function]}
      placeholder="Ingredient"
      type="text"
      value=""
    />
  </div>
  <div
    className="sc-bxivhb gCIOfD"
  >
    <label
      className="sc-bdVaJa iXjSzF"
      htmlFor="ingredients[7]"
    >
      Ingredient no. 8
    </label>
    <input
      className="sc-htpNat bPsheZ"
      id="ingredients[7]"
      onBlur={[Function]}
      onChange={[Function]}
      placeholder="Ingredient"
      type="text"
      value=""
    />
  </div>
  <div
    className="sc-bxivhb gCIOfD"
  >
    <label
      className="sc-bdVaJa iXjSzF"
      htmlFor="ingredients[8]"
    >
      Ingredient no. 9
    </label>
    <input
      className="sc-htpNat bPsheZ"
      id="ingredients[8]"
      onBlur={[Function]}
      onChange={[Function]}
      placeholder="Ingredient"
      type="text"
      value=""
    />
  </div>
  <hr
    className="Hr-sc-1a12p8r-0 jPQocB"
  />
  <div
    className="Row-sc-2hg243-0 gRqPSy row"
  >
    <h2
      className="H2-kplljn-0 bPmkUD"
    >
      Instructions
    </h2>
  </div>
  <div
    className="sc-bxivhb gCIOfD"
  >
    <label
      className="sc-bdVaJa iXjSzF"
      htmlFor="instructions[0]"
    >
      Step no. 1
    </label>
    <input
      className="sc-htpNat bPsheZ"
      id="instructions[0]"
      onBlur={[Function]}
      onChange={[Function]}
      placeholder="Instruction"
      type="text"
      value=""
    />
  </div>
  <div
    className="sc-bxivhb gCIOfD"
  >
    <label
      className="sc-bdVaJa iXjSzF"
      htmlFor="instructions[1]"
    >
      Step no. 2
    </label>
    <input
      className="sc-htpNat bPsheZ"
      id="instructions[1]"
      onBlur={[Function]}
      onChange={[Function]}
      placeholder="Instruction"
      type="text"
      value=""
    />
  </div>
  <div
    className="sc-bxivhb gCIOfD"
  >
    <label
      className="sc-bdVaJa iXjSzF"
      htmlFor="instructions[2]"
    >
      Step no. 3
    </label>
    <input
      className="sc-htpNat bPsheZ"
      id="instructions[2]"
      onBlur={[Function]}
      onChange={[Function]}
      placeholder="Instruction"
      type="text"
      value=""
    />
  </div>
  <div
    className="sc-bxivhb gCIOfD"
  >
    <label
      className="sc-bdVaJa iXjSzF"
      htmlFor="instructions[3]"
    >
      Step no. 4
    </label>
    <input
      className="sc-htpNat bPsheZ"
      id="instructions[3]"
      onBlur={[Function]}
      onChange={[Function]}
      placeholder="Instruction"
      type="text"
      value=""
    />
  </div>
  <div
    className="sc-bxivhb gCIOfD"
  >
    <label
      className="sc-bdVaJa iXjSzF"
      htmlFor="instructions[4]"
    >
      Step no. 5
    </label>
    <input
      className="sc-htpNat bPsheZ"
      id="instructions[4]"
      onBlur={[Function]}
      onChange={[Function]}
      placeholder="Instruction"
      type="text"
      value=""
    />
  </div>
  <div
    className="sc-bxivhb gCIOfD"
  >
    <label
      className="sc-bdVaJa iXjSzF"
      htmlFor="instructions[5]"
    >
      Step no. 6
    </label>
    <input
      className="sc-htpNat bPsheZ"
      id="instructions[5]"
      onBlur={[Function]}
      onChange={[Function]}
      placeholder="Instruction"
      type="text"
      value=""
    />
  </div>
  <div
    className="sc-bxivhb gCIOfD"
  >
    <label
      className="sc-bdVaJa iXjSzF"
      htmlFor="instructions[6]"
    >
      Step no. 7
    </label>
    <input
      className="sc-htpNat bPsheZ"
      id="instructions[6]"
      onBlur={[Function]}
      onChange={[Function]}
      placeholder="Instruction"
      type="text"
      value=""
    />
  </div>
  <div
    className="sc-bxivhb gCIOfD"
  >
    <label
      className="sc-bdVaJa iXjSzF"
      htmlFor="instructions[7]"
    >
      Step no. 8
    </label>
    <input
      className="sc-htpNat bPsheZ"
      id="instructions[7]"
      onBlur={[Function]}
      onChange={[Function]}
      placeholder="Instruction"
      type="text"
      value=""
    />
  </div>
  <div
    className="sc-bxivhb gCIOfD"
  >
    <label
      className="sc-bdVaJa iXjSzF"
      htmlFor="instructions[8]"
    >
      Step no. 9
    </label>
    <input
      className="sc-htpNat bPsheZ"
      id="instructions[8]"
      onBlur={[Function]}
      onChange={[Function]}
      placeholder="Instruction"
      type="text"
      value=""
    />
  </div>
  <hr
    className="Hr-sc-1a12p8r-0 jPQocB"
  />
  <div
    className="Row-sc-2hg243-0 gRqPSy row"
    style={
      Object {
        "flexFlow": "row-reverse",
      }
    }
  >
    <div
      className="ButtonGroup-sc-1wk454k-0 euUImV btn-group"
      role="group"
    >
      <button
        className="Button-h8watj-0 OlpfH btn disabled btn-secondary"
        onClick={[Function]}
        type="button"
      >
        Reset
      </button>
      <button
        className="Button-h8watj-0 OlpfH btn btn-primary"
        id="submit"
        onClick={[Function]}
        type="submit"
      >
        Submit
      </button>
    </div>
  </div>
  <hr
    className="Hr-sc-1a12p8r-0 jPQocB"
  />
</form>
`;
