// Jest Snapshot v1, https://goo.gl/fbAQLP

exports[`InputFeedback renders correctly 1`] = `null`;
