// Jest Snapshot v1, https://goo.gl/fbAQLP

exports[`TextInput renders correctly 1`] = `
<div
  className="sc-bxivhb gCIOfD"
>
  <label
    className="sc-bdVaJa bNfbPK"
    htmlFor="invalid-uuid-4"
  >
    textarea
  </label>
  <input
    className="sc-htpNat bPsheZ"
    id="invalid-uuid-4"
    onChange={[Function]}
    type="text"
    value="Text"
  />
</div>
`;
