// Jest Snapshot v1, https://goo.gl/fbAQLP

exports[`GreenButton renders correctly 1`] = `
<button
  className="sc-bdVaJa vcgaX"
/>
`;
