// Jest Snapshot v1, https://goo.gl/fbAQLP

exports[`Headline renders correctly 1`] = `
<h1
  className="sc-bdVaJa qBDhK"
/>
`;
