// Jest Snapshot v1, https://goo.gl/fbAQLP

exports[`RedButton renders correctly 1`] = `
<button
  className="sc-bdVaJa eOLpdL"
/>
`;
